[200~Yuvaraju@DESKTOP-90BAI1O MINGW64 /c/devops/SA-Dec03-Devops/repo1 (master)
$ ls
file1.txt  file2.txt  file3.txt

Yuvaraju@DESKTOP-90BAI1O MINGW64 /c/devops/SA-Dec03-Devops/repo1 (master)
$ echo "love you devops">> file4.txt

Yuvaraju@DESKTOP-90BAI1O MINGW64 /c/devops/SA-Dec03-Devops/repo1 (master)
$ ls
file1.txt  file2.txt  file3.txt  file4.txt

Yuvaraju@DESKTOP-90BAI1O MINGW64 /c/devops/SA-Dec03-Devops/repo1 (master)
$ git add file4.txt
warning: in the working copy of 'file4.txt', LF will be replaced by CRLF the next ti
me Git touches it

Yuvaraju@DESKTOP-90BAI1O MINGW64 /c/devops/SA-Dec03-Devops/repo1 (master)
$ git status
On branch master
Your branch is up to date with 'yuvaraju-devops/master'.

Changes to be committed:
  (use "git restore --staged <file>..." to unstage)
          new file:   file4.txt


	  Yuvaraju@DESKTOP-90BAI1O MINGW64 /c/devops/SA-Dec03-Devops/repo1 (master)
	  $ git commit -m "created file4.txt"
	  [master 4c06725] created file4.txt
	   1 file changed, 1 insertion(+)
	    create mode 100644 file4.txt

	    Yuvaraju@DESKTOP-90BAI1O MINGW64 /c/devops/SA-Dec03-Devops/repo1 (master)
	    $ git fetch

	    Yuvaraju@DESKTOP-90BAI1O MINGW64 /c/devops/SA-Dec03-Devops/repo1 (master)
	    $ git status
	    On branch master
	    Your branch is ahead of 'yuvaraju-devops/master' by 1 commit.
	      (use "git push" to publish your local commits)

	      nothing to commit, working tree clean

	      Yuvaraju@DESKTOP-90BAI1O MINGW64 /c/devops/SA-Dec03-Devops/repo1 (master)
	      $ git pull
	      Already up to date.

	      Yuvaraju@DESKTOP-90BAI1O MINGW64 /c/devops/SA-Dec03-Devops/repo1 (master)
	      $ git push
	      Enumerating objects: 4, done.
	      Counting objects: 100% (4/4), done.
	      Delta compression using up to 8 threads
	      Compressing objects: 100% (2/2), done.
	      Writing objects: 100% (3/3), 295 bytes | 295.00 KiB/s, done.
	      Total 3 (delta 1), reused 0 (delta 0), pack-reused 0 (from 0)
	      remote: Resolving deltas: 100% (1/1), completed with 1 local object.
	      To https://github.com/yuvarajuvemala/test
	         :42c07d2..4c06725  master -> master

		 Yuvaraju@DESKTOP-90BAI1O MINGW64 /c/devops/SA-Dec03-Devops/repo1 (master)
		 $ git log --online -4
		 fatal: unrecognized argument: --online

		 Yuvaraju@DESKTOP-90BAI1O MINGW64 /c/devops/SA-Dec03-Devops/repo1 (master)
		 $ git log --oneline -4
		 4c06725 (HEAD -> master, yuvaraju-devops/master) created file4.txt
		 42c07d2 Create file3.txt
		 aac487c created file2.txt
		 56e6295 created file1.txt

		 Yuvaraju@DESKTOP-90BAI1O MINGW64 /c/devops/SA-Dec03-Devops/repo1 (master)
		 $ git log --oneline -5
		 4c06725 (HEAD -> master, yuvaraju-devops/master) created file4.txt
		 42c07d2 Create file3.txt
		 aac487c created file2.txt
		 56e6295 created file1.txt

		 Yuvaraju@DESKTOP-90BAI1O MINGW64 /c/devops/SA-Dec03-Devops/repo1 (master)
		 $ ls
		 file1.txt  file2.txt  file3.txt  file4.txt

		 Yuvaraju@DESKTOP-90BAI1O MINGW64 /c/devops/SA-Dec03-Devops/repo1 (master)
		 $ vi file1.txt


